
> rextora@0.1.0 build
> next build

▲ Next.js 16.2.6 (Turbopack)
- Environments: .env.local

  Creating an optimized production build ...

-----
[1m[31mFATAL[39m[0m: An unexpected Turbopack error occurred. A panic log has been written to /var/folders/1x/6vnvb79129zchm1zgpqbgssm0000gn/T/next-panic-2aefee22b401d4795c977b41ed33d288.log.

To help make Turbopack better, report this error by clicking here: https://bugs.nextjs.org/search?category=turbopack-error-report&title=Turbopack%20Error%3A%20glob%20%27..%2F..%2Ftmp%2F%2A%2A%27%20is%20invalid%2C%20it%20has%20a%20prefix%20that%20navigates%20out%20of%20the%20project%20root&body=Turbopack%20version%3A%20%60ee6e79b1%60%0ANext.js%20version%3A%20%600.0.0%60%0A%0AError%20message%3A%0A%60%60%60%0Aglob%20%27..%2F..%2Ftmp%2F%2A%2A%27%20is%20invalid%2C%20it%20has%20a%20prefix%20that%20navigates%20out%20of%20the%20project%20root%0A%0ADebug%20info%3A%0A-%20Execution%20of%20emit_all_output_assets_once_with_issues_operation%20failed%0A-%20Execution%20of%20EntrypointsOperation%3A%3Anew%20failed%0A-%20Execution%20of%20emit_all_output_assets_once_operation%20failed%0A-%20Execution%20of%20Project%3A%3Aemit_all_output_assets%20failed%0A-%20Execution%20of%20emit_assets%20failed%0A-%20Execution%20of%20emit%20failed%0A-%20Execution%20of%20%3CNftJsonAsset%20as%20Asset%3E%3A%3Acontent%20failed%0A-%20glob%20%27..%2F..%2Ftmp%2F%2A%2A%27%20is%20invalid%2C%20it%20has%20a%20prefix%20that%20navigates%20out%20of%20the%20project%20root%0A%60%60%60&labels=Turbopack,Turbopack%20Panic%20Backtrace
-----


> Build error occurred
Error [TurbopackInternalError]: glob '../../tmp/**' is invalid, it has a prefix that navigates out of the project root

Debug info:
- Execution of emit_all_output_assets_once_with_issues_operation failed
- Execution of EntrypointsOperation::new failed
- Execution of emit_all_output_assets_once_operation failed
- Execution of Project::emit_all_output_assets failed
- Execution of emit_assets failed
- Execution of emit failed
- Execution of <NftJsonAsset as Asset>::content failed
- glob '../../tmp/**' is invalid, it has a prefix that navigates out of the project root
    at <unknown> (TurbopackInternalError: glob '../../tmp/**' is invalid, it has a prefix that navigates out of the project root) {
  type: 'TurbopackInternalError',
  location: undefined
}
