
> rextora@0.1.0 test:e2e
> playwright test


Running 31 tests using 3 workers

(node:17534) Warning: The 'NO_COLOR' env is ignored due to the 'FORCE_COLOR' env being set.
(Use `node --trace-warnings ...` to show where the warning was created)
(node:17535) Warning: The 'NO_COLOR' env is ignored due to the 'FORCE_COLOR' env being set.
(Use `node --trace-warnings ...` to show where the warning was created)
(node:17533) Warning: The 'NO_COLOR' env is ignored due to the 'FORCE_COLOR' env being set.
(Use `node --trace-warnings ...` to show where the warning was created)
(node:17535) Warning: The 'NO_COLOR' env is ignored due to the 'FORCE_COLOR' env being set.
(Use `node --trace-warnings ...` to show where the warning was created)
(node:17534) Warning: The 'NO_COLOR' env is ignored due to the 'FORCE_COLOR' env being set.
(Use `node --trace-warnings ...` to show where the warning was created)
(node:17533) Warning: The 'NO_COLOR' env is ignored due to the 'FORCE_COLOR' env being set.
(Use `node --trace-warnings ...` to show where the warning was created)
  ✓   1 [chromium] › tests/e2e/rextora-smoke.spec.ts:36:9 › Rextora lifecycle smoke › renders /dashboard with pre-live safety state (286ms)
  ✓   3 [chromium] › tests/e2e/strategy-search-flow.spec.ts:432:7 › Strategy Search operator UI (intercepted API) › renders simplified page and Korean nav (959ms)
  ✓   4 [chromium] › tests/e2e/rextora-smoke.spec.ts:36:9 › Rextora lifecycle smoke › renders /strategy-search with pre-live safety state (879ms)
  ✓   6 [chromium] › tests/e2e/rextora-smoke.spec.ts:36:9 › Rextora lifecycle smoke › renders /results with pre-live safety state (236ms)
  ✓   7 [chromium] › tests/e2e/rextora-smoke.spec.ts:36:9 › Rextora lifecycle smoke › renders /backtest with pre-live safety state (429ms)
  ✓   2 [chromium] › tests/e2e/rextora-shell-styles.spec.ts:95:9 › Rextora shell styles (production) › /dashboard loads styled shell on direct entry (1.9s)
  ✓   8 [chromium] › tests/e2e/rextora-smoke.spec.ts:36:9 › Rextora lifecycle smoke › renders /paper-trading with pre-live safety state (492ms)
  ✓  10 [chromium] › tests/e2e/rextora-smoke.spec.ts:36:9 › Rextora lifecycle smoke › renders /live-trading with pre-live safety state (932ms)
  ✓   5 [chromium] › tests/e2e/strategy-search-flow.spec.ts:462:7 › Strategy Search operator UI (intercepted API) › create starts search, controls, status, qualified panel, Korean errors (2.7s)
  ✓  11 [chromium] › tests/e2e/rextora-smoke.spec.ts:36:9 › Rextora lifecycle smoke › renders /settings with pre-live safety state (332ms)
  ✓  13 [chromium] › tests/e2e/rextora-smoke.spec.ts:45:7 › Rextora lifecycle smoke › sidebar has exactly seven primary nav items (301ms)
  ✓   9 [chromium] › tests/e2e/rextora-shell-styles.spec.ts:95:9 › Rextora shell styles (production) › /strategy-search loads styled shell on direct entry (2.1s)
  ✓  14 [chromium] › tests/e2e/rextora-smoke.spec.ts:56:7 › Rextora lifecycle smoke › dashboard shows lifecycle sections and primary actions (419ms)
  ✓  16 [chromium] › tests/e2e/rextora-smoke.spec.ts:69:7 › Rextora lifecycle smoke › research form keeps expert section collapsed by default (1.3s)
  ✓  17 [chromium] › tests/e2e/rextora-smoke.spec.ts:105:7 › Rextora lifecycle smoke › results page shows SAFE baseline and highlights (157ms)
  ✓  15 [chromium] › tests/e2e/rextora-shell-styles.spec.ts:95:9 › Rextora shell styles (production) › /results loads styled shell on direct entry (2.0s)
  ✓  18 [chromium] › tests/e2e/rextora-smoke.spec.ts:118:7 › Rextora lifecycle smoke › results research history management controls are visible (601ms)
  ✓  20 [chromium] › tests/e2e/rextora-smoke.spec.ts:136:7 › Rextora lifecycle smoke › live activation gates never auto-start live (421ms)
  ✓  21 [chromium] › tests/e2e/rextora-smoke.spec.ts:144:7 › Rextora lifecycle smoke › settings includes system and expert sections (745ms)
  ✓  22 [chromium] › tests/e2e/rextora-smoke.spec.ts:158:7 › Rextora lifecycle smoke › expert wizard remains available via query gate (160ms)
  ✓  19 [chromium] › tests/e2e/rextora-shell-styles.spec.ts:95:9 › Rextora shell styles (production) › /backtest loads styled shell on direct entry (1.9s)
  ✓  23 [chromium] › tests/e2e/rextora-smoke.spec.ts:166:7 › Rextora lifecycle smoke › legacy strategy-performance redirects to results (246ms)
  ✓  25 [chromium] › tests/e2e/rextora-smoke.spec.ts:171:7 › Rextora lifecycle smoke › backtest page still runs (251ms)
  ✓  26 [chromium] › tests/e2e/rextora-smoke.spec.ts:183:7 › Rextora lifecycle smoke › paper feedback actions visible (372ms)
  ✓  24 [chromium] › tests/e2e/rextora-shell-styles.spec.ts:95:9 › Rextora shell styles (production) › /paper-trading loads styled shell on direct entry (1.5s)
  ✓  27 [chromium] › tests/e2e/rextora-shell-styles.spec.ts:95:9 › Rextora shell styles (production) › /live-trading loads styled shell on direct entry (1.2s)
  ✓  28 [chromium] › tests/e2e/rextora-shell-styles.spec.ts:95:9 › Rextora shell styles (production) › /settings loads styled shell on direct entry (1.3s)
  ✓  12 [chromium] › tests/e2e/strategy-search-flow.spec.ts:533:7 › Strategy Search operator UI (intercepted API) › polling stops after terminal and keeps last detail on transient failure (10.6s)
  ✓  29 [chromium] › tests/e2e/rextora-shell-styles.spec.ts:108:7 › Rextora shell styles (production) › client navigation between lifecycle routes keeps shell (2.4s)
  ✓  30 [chromium] › tests/e2e/strategy-search-flow.spec.ts:583:7 › Strategy Search operator UI (intercepted API) › failed job shows failureMessage; exhausted shows operator label (376ms)
  ✓  31 [chromium] › tests/e2e/strategy-search-flow.spec.ts:618:7 › Strategy Search operator UI (intercepted API) › catalog builder controls persist through intercepted create (3.0s)

  31 passed (19.3s)
E2E_EXIT_CODE=0
